apples                              1.99
rice                                2.99

Total:                              4.98
