apples                              3.98
  1.99 * 2.000
rice                                2.99
cherry tomato box                   2.07
  0.69 * 3.0
toothbrush                          0.99
toothpaste                          1.49
1.0x10% bundle offer (apples)      -0.20
1.0x10% bundle offer (rice)        -0.30
1x10% bundle offer (toothbrush)    -0.10
1x10% bundle offer (toothpaste)    -0.15

Total:                             10.77
